// Jest Snapshot v1, https://goo.gl/fbAQLP

exports[`Basic Markdown Syntax > Headers 1`] = `
"# This is a heading 1
## This is a heading 2
### This is a heading 3 
#### This is a heading 4
##### This is a heading 5
###### This is a heading 6"
`;

exports[`Basic Markdown Syntax > Text style 1`] = `
"*This text will be italic*

_This will also be italic_

**This text will be bold**

**This will also be bold**

_You **can** combine them_

---

Any word wrapped with two tildes (like ~~this~~) will appear crossed out.

Any word wrapped with two equal signs (like <mark>this</mark>) will appear as highlighted."
`;
